<?xml version="1.0" encoding="UTF-8"?>
<testsuites name="jest tests" tests="66" failures="0" errors="0" time="2.044">
  <testsuite name="AuthInterceptor" errors="0" failures="0" skipped="0" timestamp="2026-01-15T21:40:46" time="1.518" tests="19">
    <testcase classname="AuthInterceptor addToken should add Authorization header to request" name="AuthInterceptor addToken should add Authorization header to request" time="0.009">
    </testcase>
    <testcase classname="AuthInterceptor addToken should preserve existing headers when adding Authorization" name="AuthInterceptor addToken should preserve existing headers when adding Authorization" time="0.001">
    </testcase>
    <testcase classname="AuthInterceptor addToken should clone the request without modifying original" name="AuthInterceptor addToken should clone the request without modifying original" time="0.001">
    </testcase>
    <testcase classname="AuthInterceptor intercept should add token to request headers" name="AuthInterceptor intercept should add token to request headers" time="0.002">
    </testcase>
    <testcase classname="AuthInterceptor intercept should pass through successful requests" name="AuthInterceptor intercept should pass through successful requests" time="0.001">
    </testcase>
    <testcase classname="AuthInterceptor intercept should handle 401 error by calling handle401Error" name="AuthInterceptor intercept should handle 401 error by calling handle401Error" time="0.002">
    </testcase>
    <testcase classname="AuthInterceptor intercept should handle 403 error by showing snackbar and navigating back" name="AuthInterceptor intercept should handle 403 error by showing snackbar and navigating back" time="0.003">
    </testcase>
    <testcase classname="AuthInterceptor intercept should rethrow non-401/403 errors" name="AuthInterceptor intercept should rethrow non-401/403 errors" time="0.001">
    </testcase>
    <testcase classname="AuthInterceptor intercept should handle request without token" name="AuthInterceptor intercept should handle request without token" time="0.001">
    </testcase>
    <testcase classname="AuthInterceptor handle401Error should refresh token when not already refreshing" name="AuthInterceptor handle401Error should refresh token when not already refreshing" time="0.002">
    </testcase>
    <testcase classname="AuthInterceptor handle401Error should use refresh token from localStorage when store returns null" name="AuthInterceptor handle401Error should use refresh token from localStorage when store returns null" time="0.001">
    </testcase>
    <testcase classname="AuthInterceptor handle401Error should return error when no refresh token is available" name="AuthInterceptor handle401Error should return error when no refresh token is available" time="0.001">
    </testcase>
    <testcase classname="AuthInterceptor handle401Error should logout user when refresh token fails" name="AuthInterceptor handle401Error should logout user when refresh token fails" time="0.002">
    </testcase>
    <testcase classname="AuthInterceptor handle401Error should queue requests when already refreshing" name="AuthInterceptor handle401Error should queue requests when already refreshing" time="0.012">
    </testcase>
    <testcase classname="AuthInterceptor handle401Error should set isRefreshingToken flag correctly" name="AuthInterceptor handle401Error should set isRefreshingToken flag correctly" time="0.012">
    </testcase>
    <testcase classname="AuthInterceptor handle401Error should reset tokenSubject when starting refresh" name="AuthInterceptor handle401Error should reset tokenSubject when starting refresh" time="0.001">
    </testcase>
    <testcase classname="AuthInterceptor logoutUser should navigate to login with returnUrl query param" name="AuthInterceptor logoutUser should navigate to login with returnUrl query param" time="0.102">
    </testcase>
    <testcase classname="AuthInterceptor integration scenarios should handle multiple concurrent 401 errors correctly" name="AuthInterceptor integration scenarios should handle multiple concurrent 401 errors correctly" time="0.002">
    </testcase>
    <testcase classname="AuthInterceptor integration scenarios should handle token refresh failure for queued requests" name="AuthInterceptor integration scenarios should handle token refresh failure for queued requests" time="0.002">
    </testcase>
  </testsuite>
  <testsuite name="AuthService - Static Functions and Business Logic" errors="0" failures="0" skipped="0" timestamp="2026-01-15T21:40:48" time="0.183" tests="29">
    <testcase classname="AuthService - Static Functions and Business Logic Service Structure Validation should validate service interface and dependencies" name="AuthService - Static Functions and Business Logic Service Structure Validation should validate service interface and dependencies" time="0.001">
    </testcase>
    <testcase classname="AuthService - Static Functions and Business Logic Service Structure Validation should validate action imports and types" name="AuthService - Static Functions and Business Logic Service Structure Validation should validate action imports and types" time="0">
    </testcase>
    <testcase classname="AuthService - Static Functions and Business Logic Service Structure Validation should validate state model structure" name="AuthService - Static Functions and Business Logic Service Structure Validation should validate state model structure" time="0">
    </testcase>
    <testcase classname="AuthService - Static Functions and Business Logic Static Utility Functions for Complex Logic Authentication Logic should correctly determine logged status" name="AuthService - Static Functions and Business Logic Static Utility Functions for Complex Logic Authentication Logic should correctly determine logged status" time="0.001">
    </testcase>
    <testcase classname="AuthService - Static Functions and Business Logic Static Utility Functions for Complex Logic Authentication Logic should correctly determine ownership" name="AuthService - Static Functions and Business Logic Static Utility Functions for Complex Logic Authentication Logic should correctly determine ownership" time="0">
    </testcase>
    <testcase classname="AuthService - Static Functions and Business Logic Static Utility Functions for Complex Logic Authentication Logic should correctly perform bitwise role checking" name="AuthService - Static Functions and Business Logic Static Utility Functions for Complex Logic Authentication Logic should correctly perform bitwise role checking" time="0">
    </testcase>
    <testcase classname="AuthService - Static Functions and Business Logic Static Utility Functions for Complex Logic Authentication Logic should correctly process access set with filtering" name="AuthService - Static Functions and Business Logic Static Utility Functions for Complex Logic Authentication Logic should correctly process access set with filtering" time="0">
    </testcase>
    <testcase classname="AuthService - Static Functions and Business Logic Static Utility Functions for Complex Logic Authentication Logic should handle empty and undefined access sets" name="AuthService - Static Functions and Business Logic Static Utility Functions for Complex Logic Authentication Logic should handle empty and undefined access sets" time="0">
    </testcase>
    <testcase classname="AuthService - Static Functions and Business Logic Static Utility Functions for Complex Logic Authentication Logic should validate authentication credentials" name="AuthService - Static Functions and Business Logic Static Utility Functions for Complex Logic Authentication Logic should validate authentication credentials" time="0">
    </testcase>
    <testcase classname="AuthService - Static Functions and Business Logic Static Utility Functions for Complex Logic Action Creation Logic should create login action correctly" name="AuthService - Static Functions and Business Logic Static Utility Functions for Complex Logic Action Creation Logic should create login action correctly" time="0">
    </testcase>
    <testcase classname="AuthService - Static Functions and Business Logic Static Utility Functions for Complex Logic Action Creation Logic should create loginAs action correctly" name="AuthService - Static Functions and Business Logic Static Utility Functions for Complex Logic Action Creation Logic should create loginAs action correctly" time="0.001">
    </testcase>
    <testcase classname="AuthService - Static Functions and Business Logic Static Utility Functions for Complex Logic Action Creation Logic should create logout action correctly" name="AuthService - Static Functions and Business Logic Static Utility Functions for Complex Logic Action Creation Logic should create logout action correctly" time="0">
    </testcase>
    <testcase classname="AuthService - Static Functions and Business Logic Static Utility Functions for Complex Logic Action Creation Logic should create refresh token action correctly" name="AuthService - Static Functions and Business Logic Static Utility Functions for Complex Logic Action Creation Logic should create refresh token action correctly" time="0">
    </testcase>
    <testcase classname="AuthService - Static Functions and Business Logic Static Utility Functions for Complex Logic Data Transformation Logic should transform user state for authentication checks" name="AuthService - Static Functions and Business Logic Static Utility Functions for Complex Logic Data Transformation Logic should transform user state for authentication checks" time="0">
    </testcase>
    <testcase classname="AuthService - Static Functions and Business Logic Static Utility Functions for Complex Logic Data Transformation Logic should handle malformed user state" name="AuthService - Static Functions and Business Logic Static Utility Functions for Complex Logic Data Transformation Logic should handle malformed user state" time="0">
    </testcase>
    <testcase classname="AuthService - Static Functions and Business Logic Static Utility Functions for Complex Logic Data Transformation Logic should handle missing user state" name="AuthService - Static Functions and Business Logic Static Utility Functions for Complex Logic Data Transformation Logic should handle missing user state" time="0">
    </testcase>
    <testcase classname="AuthService - Static Functions and Business Logic Static Utility Functions for Complex Logic Data Transformation Logic should process access control for paths" name="AuthService - Static Functions and Business Logic Static Utility Functions for Complex Logic Data Transformation Logic should process access control for paths" time="0.001">
    </testcase>
    <testcase classname="AuthService - Static Functions and Business Logic Static Utility Functions for Complex Logic Integration Scenarios should handle complete authentication workflow" name="AuthService - Static Functions and Business Logic Static Utility Functions for Complex Logic Integration Scenarios should handle complete authentication workflow" time="0">
    </testcase>
    <testcase classname="AuthService - Static Functions and Business Logic Static Utility Functions for Complex Logic Integration Scenarios should handle logout workflow" name="AuthService - Static Functions and Business Logic Static Utility Functions for Complex Logic Integration Scenarios should handle logout workflow" time="0">
    </testcase>
    <testcase classname="AuthService - Static Functions and Business Logic Static Utility Functions for Complex Logic Integration Scenarios should handle admin role scenarios" name="AuthService - Static Functions and Business Logic Static Utility Functions for Complex Logic Integration Scenarios should handle admin role scenarios" time="0">
    </testcase>
    <testcase classname="AuthService - Static Functions and Business Logic Static Utility Functions for Complex Logic Integration Scenarios should handle token refresh workflow" name="AuthService - Static Functions and Business Logic Static Utility Functions for Complex Logic Integration Scenarios should handle token refresh workflow" time="0">
    </testcase>
    <testcase classname="AuthService - Static Functions and Business Logic Static Utility Functions for Complex Logic Integration Scenarios should handle loginAs workflow" name="AuthService - Static Functions and Business Logic Static Utility Functions for Complex Logic Integration Scenarios should handle loginAs workflow" time="0">
    </testcase>
    <testcase classname="AuthService - Static Functions and Business Logic Error Handling and Edge Cases should handle invalid authentication inputs" name="AuthService - Static Functions and Business Logic Error Handling and Edge Cases should handle invalid authentication inputs" time="0">
    </testcase>
    <testcase classname="AuthService - Static Functions and Business Logic Error Handling and Edge Cases should handle malformed user states" name="AuthService - Static Functions and Business Logic Error Handling and Edge Cases should handle malformed user states" time="0.001">
    </testcase>
    <testcase classname="AuthService - Static Functions and Business Logic Error Handling and Edge Cases should handle edge cases in role checking" name="AuthService - Static Functions and Business Logic Error Handling and Edge Cases should handle edge cases in role checking" time="0">
    </testcase>
    <testcase classname="AuthService - Static Functions and Business Logic Error Handling and Edge Cases should handle edge cases in access processing" name="AuthService - Static Functions and Business Logic Error Handling and Edge Cases should handle edge cases in access processing" time="0">
    </testcase>
    <testcase classname="AuthService - Static Functions and Business Logic Performance and Data Processing should efficiently process large access sets" name="AuthService - Static Functions and Business Logic Performance and Data Processing should efficiently process large access sets" time="0">
    </testcase>
    <testcase classname="AuthService - Static Functions and Business Logic Performance and Data Processing should handle rapid authentication checks" name="AuthService - Static Functions and Business Logic Performance and Data Processing should handle rapid authentication checks" time="0.067">
    </testcase>
    <testcase classname="AuthService - Static Functions and Business Logic Performance and Data Processing should maintain consistency across multiple operations" name="AuthService - Static Functions and Business Logic Performance and Data Processing should maintain consistency across multiple operations" time="0.01">
    </testcase>
  </testsuite>
  <testsuite name="AuthState - Static Functions and Utilities" errors="0" failures="0" skipped="0" timestamp="2026-01-15T21:40:48" time="0.071" tests="18">
    <testcase classname="AuthState - Static Functions and Utilities Static Utility Functions should have static utility functions for role checking" name="AuthState - Static Functions and Utilities Static Utility Functions should have static utility functions for role checking" time="0.001">
    </testcase>
    <testcase classname="AuthState - Static Functions and Utilities Static Utility Functions should have static utility functions for login status" name="AuthState - Static Functions and Utilities Static Utility Functions should have static utility functions for login status" time="0">
    </testcase>
    <testcase classname="AuthState - Static Functions and Utilities Static Utility Functions should have static utility functions for role comparison" name="AuthState - Static Functions and Utilities Static Utility Functions should have static utility functions for role comparison" time="0">
    </testcase>
    <testcase classname="AuthState - Static Functions and Utilities Static Utility Functions should have static utility functions for role checking" name="AuthState - Static Functions and Utilities Static Utility Functions should have static utility functions for role checking" time="0">
    </testcase>
    <testcase classname="AuthState - Static Functions and Utilities Static Utility Functions should have static utility functions for login status" name="AuthState - Static Functions and Utilities Static Utility Functions should have static utility functions for login status" time="0">
    </testcase>
    <testcase classname="AuthState - Static Functions and Utilities Static Utility Functions should have static utility functions for role comparison" name="AuthState - Static Functions and Utilities Static Utility Functions should have static utility functions for role comparison" time="0.001">
    </testcase>
    <testcase classname="AuthState - Static Functions and Utilities Static Utility Functions should have static selectors for user data" name="AuthState - Static Functions and Utilities Static Utility Functions should have static selectors for user data" time="0">
    </testcase>
    <testcase classname="AuthState - Static Functions and Utilities Static Utility Functions should have static selectors for access control" name="AuthState - Static Functions and Utilities Static Utility Functions should have static selectors for access control" time="0">
    </testcase>
    <testcase classname="AuthState - Static Functions and Utilities Static Utility Functions should have static selectors for tokens" name="AuthState - Static Functions and Utilities Static Utility Functions should have static selectors for tokens" time="0">
    </testcase>
    <testcase classname="AuthState - Static Functions and Utilities Static Utility Functions should have static selectors for navigation" name="AuthState - Static Functions and Utilities Static Utility Functions should have static selectors for navigation" time="0">
    </testcase>
    <testcase classname="AuthState - Static Functions and Utilities Static Utility Functions should have static selector for loading state" name="AuthState - Static Functions and Utilities Static Utility Functions should have static selector for loading state" time="0">
    </testcase>
    <testcase classname="AuthState - Static Functions and Utilities State Model Validation should validate AuthStateModel interface" name="AuthState - Static Functions and Utilities State Model Validation should validate AuthStateModel interface" time="0.001">
    </testcase>
    <testcase classname="AuthState - Static Functions and Utilities State Model Validation should validate default state structure" name="AuthState - Static Functions and Utilities State Model Validation should validate default state structure" time="0">
    </testcase>
    <testcase classname="AuthState - Static Functions and Utilities Constants and Configuration should have correct storage keys" name="AuthState - Static Functions and Utilities Constants and Configuration should have correct storage keys" time="0">
    </testcase>
    <testcase classname="AuthState - Static Functions and Utilities Constants and Configuration should have admin role constant" name="AuthState - Static Functions and Utilities Constants and Configuration should have admin role constant" time="0">
    </testcase>
    <testcase classname="AuthState - Static Functions and Utilities Constants and Configuration should validate user interface structure" name="AuthState - Static Functions and Utilities Constants and Configuration should validate user interface structure" time="0.001">
    </testcase>
    <testcase classname="AuthState - Static Functions and Utilities Access Control Logic should validate role-based access" name="AuthState - Static Functions and Utilities Access Control Logic should validate role-based access" time="0">
    </testcase>
    <testcase classname="AuthState - Static Functions and Utilities Access Control Logic should validate login status" name="AuthState - Static Functions and Utilities Access Control Logic should validate login status" time="0">
    </testcase>
  </testsuite>
</testsuites>